Cylinder axis: (0.00, 1.00, 0.00)(Mag 1.00), height: 2
P1: (0.00, -1.00, 0.00)(Mag 1.00), P2: (0.00, 1.00, 0.00)(Mag 1.00)
   ­ƒôü Saved: GeneratedSymbols/octagon_layout_test.png
------------------------------------------------------------------------
COMMENT: Attempting to create directory at: C:/Util/Data/GitRepos/KoreCommon/UnitTestArtefacts
COMMENT: ? Test directory successfully created at: C:/Util/Data/GitRepos/KoreCommon/UnitTestArtefacts
TEST: PASS // BoolToStr(true)
TEST: PASS // BoolToStr(false)
TEST: PASS // StrToBool("True")
TEST: PASS // StrToBool("False")
TEST: PASS // StrToBool("true")
TEST: PASS // StrToBool("false")
TEST: PASS // StrToBool("y")
TEST: PASS // StrToBool("n")
TEST: PASS // StrToBool(" ")
TEST: PASS // StrToBool("1212")
TEST: PASS // Clamp( 0, 1, 10)
TEST: PASS // Clamp( 5, 1, 10)
TEST: PASS // Clamp(11, 1, 10)
TEST: PASS // Wrap( 0, 1, 10)
TEST: PASS // Wrap( 5, 1, 10)
TEST: PASS // Wrap(11, 1, 10)
TEST: PASS // Modulo 1.1 % 1.0
TEST: PASS // Modulo 2.1 % 1.0
TEST: PASS // Modulo -0.1 % 1.0
TEST: PASS // LimitToRange 1.1 in 0-1
TEST: PASS // LimitToRange -5 in 0-1
TEST: PASS // LimitToRange 0.5 in 0-1
TEST: PASS // WrapToRange 1.1 in 1-2
TEST: PASS // WrapToRange 3.1 in 1-2
TEST: PASS // WrapToRange -1.5 in 1-2
TEST: PASS // DiffInWrapRange 1 to 350 in 0-360
TEST: PASS // DiffInWrapRange 1 to 5 in 0-360
TEST: PASS // DiffInWrapRange 340 to 20 in 0-360
TEST: PASS // IndexFromFraction 0.1 in 0-10
TEST: PASS // IndexFromFraction 0.2 in 0-100
TEST: PASS // IndexFromFraction 0.49 in 0-5
TEST: PASS // IndexFromFraction 0.50 in 0-5
TEST: PASS // IndexFromFraction 0.6  in 0-5
TEST: PASS // IndexFromIncrement 0.1 from 0 increment 1
TEST: PASS // IndexFromIncrement 1.1 from 0 increment 1
TEST: PASS // IndexFromIncrement 13.1 from 0 increment 1
TEST: PASS // IsInRange 0 in 0-1
TEST: PASS // IsInRange 1 in 0-1
TEST: PASS // !IsInRange -1 in 0-1
TEST: PASS // !IsInRange 2 in 0-1
TEST: PASS // Interpolate 0.1 between 0 and 1
TEST: PASS // Interpolate 0.9 between 0 and 100
TEST: PASS // Interpolate 1.1 between 0 and 100
TEST: PASS // Interpolate -0.1 between 0 and 100
TEST: PASS // Array Length
TEST: PASS // Array[0]
TEST: PASS // Array[1]
TEST: PASS // Array[2]
TEST: PASS // Array[3]
TEST: PASS // Array[4]
TEST: PASS // Array Max
TEST: PASS // Array Min
TEST: PASS // Array Average
TEST: PASS // Array Sum
COMMENT: Number Range: -3.000, -2.333, -1.667, -1.000, -0.333, 0.333, 1.000, 1.667, 2.333, 3.000
TEST: PASS // KoreXYZVector Construction
TEST: PASS // KoreXYZVector Normalize
TEST: PASS // KoreXYZVector Magnitude
TEST: PASS // KoreXYZVector Addition
TEST: PASS // KoreXYZVector Subtraction
TEST: PASS // KoreXYZVector Scaling
TEST: PASS // KoreXYZVector DotProduct
TEST: PASS // KoreXYZVector CrossProduct
COMMENT: Input: (1.00, 2.00, 3.00)(Mag 3.74), Perpendicular: (0.00, 0.83, -0.55)(Mag 1.00)
TEST: PASS // KoreXYZVector ArbitraryPerpendicular
COMMENT: Zero Input: (0.00, 0.00, 0.00)(Mag 0.00), Perpendicular: (1.00, 0.00, 0.00)(Mag 1.00)
TEST: PASS // KoreXYZVector ArbitraryPerpendicular Zero Vector
COMMENT: X Axis Input: (1.00, 0.00, 0.00)(Mag 1.00), Perpendicular: (0.00, 0.00, 1.00)(Mag 1.00)
TEST: PASS // KoreXYZVector ArbitraryPerpendicular X Axis
COMMENT: Y Axis Input: (0.00, 1.00, 0.00)(Mag 1.00), Perpendicular: (0.00, 0.00, -1.00)(Mag 1.00)
TEST: PASS // KoreXYZVector ArbitraryPerpendicular Y Axis
COMMENT: Custom Input: (2.00, -5.00, 7.00)(Mag 8.83), Perpendicular: (-0.00, 0.81, 0.58)(Mag 1.00)
TEST: PASS // KoreXYZVector ArbitraryPerpendicular Custom
TEST: PASS // KoreXYLine Length
TEST: PASS // KoreXYLine MidPoint
TEST: PASS // KoreXYLine Offset
TEST: PASS // KoreXYLine Fraction 0.5
TEST: PASS // KoreXYLine ExtrapolateDistance 3 // KoreXYVector(X: 5.000, Y: 0.000)
TEST: PASS // KoreXYLine ExtrapolateDistance -2 // KoreXYVector(X: -2.000, Y: 0.000)
TEST: PASS // KoreXYLineOps ExtendLine
TEST: PASS // KoreXYTriangle Angles < ¤Ç
TEST: PASS // KoreXYTriangle Angles Sum
TEST: PASS // KoreNumeric1DArray List<double> Sum
TEST: PASS // KoreNumeric1DArray Length
TEST: PASS // KoreNumeric1DArray Length After Add
TEST: PASS // KoreNumeric1DArray Length After RemoveAtIndex
COMMENT: KoreNumeric1DArray List<int>: KoreNumeric1DArrayOps<int>.CreateArrayByStep(0, 1, 10); => 0, 1, 2, 3, 4, 5, 6, 7, 8, 9
COMMENT: KoreNumeric1DArray List<int>: KoreNumeric1DArrayOps<int>.CreateArrayByCount(0, 8, 4); => 0, 2, 5, 8
COMMENT: KoreNumeric1DArray List<float>: KoreNumeric1DArrayOps<float>.CreateArrayByCount(0, 10, 21); => 0.00, 0.53, 1.05, 1.58, 2.11, 2.63, 3.16, 3.68, 4.21, 4.74, 5.26, 5.79, 6.32, 6.84, 7.37, 7.89, 8.42, 8.95, 9.47, 10.00
TEST: PASS // KoreNumeric2DArray Test2DList Size
TEST: PASS // restored.Get(name) == Cube01 // {"name":"Cube01","note":"unit cube","size":"1.5000000","visible":"True"}
TEST: PASS // restored.Get(note) == unit cube
TEST: PASS // restored.Get(visible) == True
TEST: PASS // restored.Has(notexist)
TEST: PASS // ReadDouble(size) == 1.5
TEST: PASS // ReadDouble(visible) returns fallback -1 (invalid type)
TEST: PASS // ReadBool(visible) == true
TEST: PASS // KoreXYVector Creation
TEST: PASS // KoreXYVector Distance
TEST: PASS // KoreXYZVector Creation
TEST: PASS // KoreXYZVector Distance
TEST: PASS // KoreXYZLine Length
TEST: PASS // KoreLLPoint: XYZ(0.000,0.000,1.000) -> LL(0.000,0.000)
TEST: PASS // KoreLLPoint: XYZ(1.000,0.000,0.000) -> LL(0.000,90.000)
TEST: PASS // KoreLLPoint: XYZ(-1.000,0.000,0.000) -> LL(0.000,-90.000)
TEST: PASS // KoreLLPoint: XYZ(0.000,1.000,0.000) -> LL(90.000,0.000)
TEST: PASS // KoreLLPoint: XYZ(0.000,-1.000,0.000) -> LL(-90.000,0.000)
TEST: PASS // KoreLLAPoint: XYZ(0.000,0.000,1.000) -> LLA(0.000,0.000,-6364999.000)
TEST: PASS // KoreLLAPoint: XYZ(1.000,0.000,0.000) -> LLA(0.000,90.000)
TEST: PASS // KoreLLAPoint: XYZ(-1.000,0.000,0.000) -> LLA(0.000,-90.000,-6364999.000)
TEST: PASS // KoreLLAPoint Creation
TEST: PASS // KoreLLAPoint Movement Lat
TEST: PASS // KoreLLAPoint Movement Lon
TEST: PASS // KoreLLAPoint Movement Alt
TEST: PASS // KoreLLAPoint PolarOffset Range
TEST: PASS // KoreLLAPoint PolarOffset Az
TEST: PASS // KoreLLAPoint PolarOffset RoundTrip
TEST: PASS // KoreLLAPoint Delta Lat // Lat: 50.00000 -> 50.10000
TEST: PASS // KoreLLAPoint Delta Lon // Lon: -1.00000 -> -0.90000
TEST: PASS // KoreLLAPoint Delta Alt // Alt: 0.0 -> 0.0
COMMENT: KoreLLAPoint Delta RangeBearing: Range: 13202.1m, Bearing: 32.7┬░
TEST: PASS // Route Leg Length // Expected: 341976.3 m, Actual: 341976.3 m
TEST: PASS // Route Leg Duration // Expected: 3419.8 s, Actual: 3419.8 s
TEST: PASS // Route Leg Bearing // Expected: 0.219 rad 12.562 deg, Actual: 0.219 rad 12.562 deg
TEST: PASS // Route Leg2 Length // Expected: 341976.3 m, Actual: 341976.3 m
TEST: PASS // Route Leg2 Duration // Expected: 3419.8 s, Actual: 3419.8 s
TEST: PASS // Route Leg2 Bearing // Expected: 0.219 rad 12.562 deg, Actual: 0.219 rad 12.562 deg
--------------------------------------------------
COMMENT: Shapefile Tests
TEST: PASS // Shapefile Point Round-Trip
TEST: PASS // Shapefile MultiPoint Round-Trip
TEST: PASS // Shapefile PolyLine Round-Trip
TEST: PASS // Shapefile Polygon Round-Trip
TEST: PASS // Shapefile Polygon with Hole Round-Trip
TEST: PASS // Shapefile Int Attribute
TEST: PASS // Shapefile Double Attribute
TEST: PASS // Shapefile Bool Attribute
TEST: PASS // Shapefile DateTime Attribute
TEST: PASS // Shapefile String Attribute
TEST: PASS // Shapefile Mixed Attributes
TEST: PASS // Shapefile Corrupt Record Handling
TEST: PASS // Shapefile PRJ File Written with WGS84
COMMENT: ShapefileDrawTest: Loaded shapefile with 111785 features
COMMENT: ShapefileDrawTest: Geometry type: PolyLine
COMMENT: ShapefileDrawTest: First feature geometry type: KoreGeoMultiLineString
COMMENT: ShapefileDrawTest: First feature has 1 line strings
COMMENT: ShapefileDrawTest: First line string has 2 points
COMMENT: ShapefileDrawTest: First point: Lat=5707077.932600, Lon=-13644921.519500
COMMENT: ShapefileDrawTest: Bounds: Lat [5596169.485040, 5757627.400560], Lon [-13756590.542000, -13531753.712200]
COMMENT: ShapefileDrawTest: Lat span: 161457.915520, Lon span: 224836.829800
TEST: PASS // Shapefile Streets Visualization // Created visualization with 111785 features
COMMENT: KoreColorIO RBGtoHexStringShort (3 char) 255,0,0: #F00
COMMENT: KoreColorIO RBGtoHexStringShort (4 char) 255,34,17,34: #F212
COMMENT: KoreColorIO RBGtoHexStringShort (6 char) 255,32,16,255: #FF2010
COMMENT: KoreColorIO RBGtoHexStringShort (8 char) 250,33,17,134: #FA211186
COMMENT: KoreColorIO HexStringToRGB (3 char) F00: #F00
COMMENT: KoreColorIO HexStringToRGB (4 char) #F234: #F234
COMMENT: KoreColorIO HexStringToRGB (6 char) FF2356: #FF2356
COMMENT: KoreColorIO HexStringToRGB (8 char) FA211086: #FA211086
COMMENT: KoreMeshDataIO ToJson BasicCube: {
  "vertices": {
    "0": "X:-1.0, Y:-1.0, Z:-1.0",
    "1": "X:1.0, Y:-1.0, Z:-1.0",
    "2": "X:1.0, Y:1.0, Z:-1.0",
    "3": "X:-1.0, Y:1.0, Z:-1.0",
    "4": "X:-1.0, Y:-1.0, Z:1.0",
    "5": "X:1.0, Y:-1.0, Z:1.0",
    "6": "X:1.0, Y:1.0, Z:1.0",
    "7": "X:-1.0, Y:1.0, Z:1.0"
  },
  "lines": {
    "0": "0, 1",
    "1": "1, 5",
    "2": "5, 4",
    "3": "4, 0",
    "4": "2, 3",
    "5": "3, 7",
    "6": "7, 6",
    "7": "6, 2",
    "8": "0, 3",
    "9": "1, 2",
    "10": "4, 7",
    "11": "5, 6"
  },
  "triangles": {
    "0": "0, 1, 2",
    "1": "0, 2, 3",
    "2": "0, 7, 4",
    "3": "0, 3, 7",
    "4": "5, 7, 6",
    "5": "5, 4, 7",
    "6": "1, 6, 2",
    "7": "1, 5, 6",
    "8": "3, 6, 7",
    "9": "3, 2, 6",
    "10": "0, 5, 1",
    "11": "0, 4, 5"
  },
  "normals": {},
  "uvs": {},
  "vertexColors": {
    "0": "#F00",
    "1": "#0F0",
    "2": "#F00",
    "3": "#F00",
    "4": "#F00",
    "5": "#F00",
    "6": "#F00",
    "7": "#F00"
  },
  "lineColors": {
    "0": "start: #FFF, end: #FFF",
    "1": "start: #FFF, end: #FFF",
    "2": "start: #00F, end: #0FF",
    "3": "start: #FFF, end: #FFF",
    "4": "start: #FFF, end: #FFF",
    "5": "start: #FFF, end: #FFF",
    "6": "start: #FFF, end: #FFF",
    "7": "start: #FFF, end: #FFF",
    "8": "start: #FFF, end: #FFF",
    "9": "start: #FFF, end: #FFF",
    "10": "start: #FFF, end: #FFF",
    "11": "start: #FFF, end: #FFF"
  },
  "materials": [
    "name: MattRed, baseColor: #F00, metallic: 0.0, roughness: 1.0"
  ],
  "namedTriangleGroups": {
    "All": "materialName: MattRed, triangleIds: [0,1,2,3,4,5,6,7,8,9,10,11]"
  }
}
COMMENT: KoreMeshDataIO FromJson BasicCube - JSON format: {
  "vertices": {
    "0": "X:-1.0, Y:-1.0, Z:-1.0",
    "1": "X:1.0, Y:-1.0, Z:-1.0",
    "2": "X:1.0, Y:1.0, Z:-1.0",
    "3": "X:-1.0, Y:1.0, Z:-1.0",
    "4": "X:-1.0, Y:-1.0, Z:1.0",
    "5": "X:1.0, Y:-1.0, Z:1.0",
    "6": "X:1.0, Y:1.0, Z:1.0",
    "7": "X:-1.0, Y:1.0, Z:1.0"
  },
  "lines": {
    "0": "0, 1",
    "1": "1, 5",
    "2": "5, 4",
    "3": "4, 0",
    "4": "2, 3",
    "5": "3, 7",
    "6": "7, 6",
    "7": "6, 2",
    "8": "0, 3",
    "9": "1, 2",
    "10": "4, 7",
    "11": "5, 6"
  },
  "triangles": {
    "0": "0, 1, 2",
    "1": "0, 2, 3",
    "2": "0, 7, 4",
    "3": "0, 3, 7",
    "4": "5, 7, 6",
    "5": "5, 4, 7",
    "6": "1, 6, 2",
    "7": "1, 5, 6",
    "8": "3, 6, 7",
    "9": "3, 2, 6",
    "10": "0, 5, 1",
    "11": "0, 4, 5"
  },
  "normals": {},
  "uvs": {},
  "vertexColors": {
    "0": "#F00",
    "1": "#0F0",
    "2": "#F00",
    "3": "#F00",
    "4": "#F00",
    "5": "#F00",
    "6": "#F00",
    "7": "#F00"
  },
  "lineColors": {
    "0": "start: #FFF, end: #FFF",
    "1": "start: #FFF, end: #FFF",
    "2": "start: #00F, end: #0FF",
    "3": "start: #FFF, end: #FFF",
    "4": "start: #FFF, end: #FFF",
    "5": "start: #FFF, end: #FFF",
    "6": "start: #FFF, end: #FFF",
    "7": "start: #FFF, end: #FFF",
    "8": "start: #FFF, end: #FFF",
    "9": "start: #FFF, end: #FFF",
    "10": "start: #FFF, end: #FFF",
    "11": "start: #FFF, end: #FFF"
  },
  "materials": [
    "name: MattRed, baseColor: #F00, metallic: 0.0, roughness: 1.0"
  ],
  "namedTriangleGroups": {
    "All": "materialName: MattRed, triangleIds: [0,1,2,3,4,5,6,7,8,9,10,11]"
  }
}
COMMENT: KoreMeshDataIO ToJson Cylinder: {
  "vertices": {
    "0": "X:0.5, Y:0.0, Z:0.0",
    "1": "X:0.5, Y:0.0, Z:1.0",
    "2": "X:0.6464466, Y:-0.3535534, Z:0.0",
    "3": "X:0.6464466, Y:-0.3535534, Z:1.0",
    "4": "X:1.0, Y:-0.5, Z:0.0",
    "5": "X:1.0, Y:-0.5, Z:1.0",
    "6": "X:1.3535534, Y:-0.3535534, Z:0.0",
    "7": "X:1.3535534, Y:-0.3535534, Z:1.0",
    "8": "X:1.5, Y:-0.0, Z:0.0",
    "9": "X:1.5, Y:-0.0, Z:1.0",
    "10": "X:1.3535534, Y:0.3535534, Z:0.0",
    "11": "X:1.3535534, Y:0.3535534, Z:1.0",
    "12": "X:1.0, Y:0.5, Z:0.0",
    "13": "X:1.0, Y:0.5, Z:1.0",
    "14": "X:0.6464466, Y:0.3535534, Z:0.0",
    "15": "X:0.6464466, Y:0.3535534, Z:1.0",
    "16": "X:1.0, Y:0.0, Z:0.0",
    "17": "X:0.5, Y:0.0, Z:0.0",
    "18": "X:0.6464466, Y:-0.3535534, Z:0.0",
    "19": "X:1.0, Y:-0.5, Z:0.0",
    "20": "X:1.3535534, Y:-0.3535534, Z:0.0",
    "21": "X:1.5, Y:-0.0, Z:0.0",
    "22": "X:1.3535534, Y:0.3535534, Z:0.0",
    "23": "X:1.0, Y:0.5, Z:0.0",
    "24": "X:0.6464466, Y:0.3535534, Z:0.0",
    "25": "X:1.0, Y:0.0, Z:1.0",
    "26": "X:0.6464466, Y:0.3535534, Z:1.0",
    "27": "X:1.0, Y:0.5, Z:1.0",
    "28": "X:1.3535534, Y:0.3535534, Z:1.0",
    "29": "X:1.5, Y:-0.0, Z:1.0",
    "30": "X:1.3535534, Y:-0.3535534, Z:1.0",
    "31": "X:1.0, Y:-0.5, Z:1.0",
    "32": "X:0.6464466, Y:-0.3535534, Z:1.0",
    "33": "X:0.5, Y:0.0, Z:1.0"
  },
  "lines": {
    "0": "0, 1",
    "1": "2, 3",
    "2": "4, 5",
    "3": "6, 7",
    "4": "8, 9",
    "5": "10, 11",
    "6": "12, 13",
    "7": "14, 15",
    "8": "0, 2",
    "9": "1, 3",
    "10": "2, 4",
    "11": "3, 5",
    "12": "4, 6",
    "13": "5, 7",
    "14": "6, 8",
    "15": "7, 9",
    "16": "8, 10",
    "17": "9, 11",
    "18": "10, 12",
    "19": "11, 13",
    "20": "12, 14",
    "21": "13, 15",
    "22": "14, 0",
    "23": "15, 1",
    "24": "16, 17",
    "25": "16, 18",
    "26": "16, 19",
    "27": "16, 20",
    "28": "16, 21",
    "29": "16, 22",
    "30": "16, 23",
    "31": "16, 24",
    "32": "25, 26",
    "33": "25, 27",
    "34": "25, 28",
    "35": "25, 29",
    "36": "25, 30",
    "37": "25, 31",
    "38": "25, 32",
    "39": "25, 33"
  },
  "triangles": {
    "0": "0, 1, 3",
    "1": "0, 3, 2",
    "2": "2, 3, 5",
    "3": "2, 5, 4",
    "4": "4, 5, 7",
    "5": "4, 7, 6",
    "6": "6, 7, 9",
    "7": "6, 9, 8",
    "8": "8, 9, 11",
    "9": "8, 11, 10",
    "10": "10, 11, 13",
    "11": "10, 13, 12",
    "12": "12, 13, 15",
    "13": "12, 15, 14",
    "14": "14, 15, 1",
    "15": "14, 1, 0",
    "16": "16, 17, 18",
    "17": "16, 18, 19",
    "18": "16, 19, 20",
    "19": "16, 20, 21",
    "20": "16, 21, 22",
    "21": "16, 22, 23",
    "22": "16, 23, 24",
    "23": "16, 24, 17",
    "24": "25, 26, 27",
    "25": "25, 27, 28",
    "26": "25, 28, 29",
    "27": "25, 29, 30",
    "28": "25, 30, 31",
    "29": "25, 31, 32",
    "30": "25, 32, 33",
    "31": "25, 33, 26"
  },
  "normals": {
    "0": "X:-0.9238795, Y:-0.3826834, Z:0.0",
    "1": "X:-0.9238795, Y:-0.3826834, Z:0.0",
    "2": "X:-0.9238795, Y:-0.3826834, Z:0.0",
    "3": "X:-0.9238795, Y:-0.3826834, Z:0.0",
    "4": "X:-0.3826834, Y:-0.9238795, Z:0.0",
    "5": "X:-0.3826834, Y:-0.9238795, Z:0.0",
    "6": "X:0.3826834, Y:-0.9238795, Z:0.0",
    "7": "X:0.3826834, Y:-0.9238795, Z:0.0",
    "8": "X:0.9238795, Y:-0.3826834, Z:0.0",
    "9": "X:0.9238795, Y:-0.3826834, Z:0.0",
    "10": "X:0.9238795, Y:0.3826834, Z:0.0",
    "11": "X:0.9238795, Y:0.3826834, Z:-0.0",
    "12": "X:0.3826834, Y:0.9238795, Z:0.0",
    "13": "X:0.3826834, Y:0.9238795, Z:-0.0",
    "14": "X:-0.3826834, Y:0.9238795, Z:0.0",
    "15": "X:-0.3826834, Y:0.9238795, Z:0.0",
    "16": "X:-0.0, Y:0.0, Z:-1.0",
    "17": "X:-0.0, Y:0.0, Z:-1.0",
    "18": "X:-0.0, Y:0.0, Z:-1.0",
    "19": "X:0.0, Y:-0.0, Z:-1.0",
    "20": "X:0.0, Y:0.0, Z:-1.0",
    "21": "X:0.0, Y:0.0, Z:-1.0",
    "22": "X:0.0, Y:0.0, Z:-1.0",
    "23": "X:0.0, Y:0.0, Z:-1.0",
    "24": "X:0.0, Y:0.0, Z:-1.0",
    "25": "X:0.0, Y:-0.0, Z:1.0",
    "26": "X:0.0, Y:-0.0, Z:1.0",
    "27": "X:0.0, Y:-0.0, Z:1.0",
    "28": "X:0.0, Y:0.0, Z:1.0",
    "29": "X:-0.0, Y:0.0, Z:1.0",
    "30": "X:0.0, Y:0.0, Z:1.0",
    "31": "X:0.0, Y:0.0, Z:1.0",
    "32": "X:0.0, Y:0.0, Z:1.0",
    "33": "X:0.0, Y:0.0, Z:1.0"
  },
  "uvs": {
    "0": "X:0.0, Y:0.0",
    "1": "X:0.0, Y:1.0",
    "2": "X:0.125, Y:0.0",
    "3": "X:0.125, Y:1.0",
    "4": "X:0.25, Y:0.0",
    "5": "X:0.25, Y:1.0",
    "6": "X:0.375, Y:0.0",
    "7": "X:0.375, Y:1.0",
    "8": "X:0.5, Y:0.0",
    "9": "X:0.5, Y:1.0",
    "10": "X:0.625, Y:0.0",
    "11": "X:0.625, Y:1.0",
    "12": "X:0.75, Y:0.0",
    "13": "X:0.75, Y:1.0",
    "14": "X:0.875, Y:0.0",
    "15": "X:0.875, Y:1.0"
  },
  "vertexColors": {},
  "lineColors": {},
  "materials": [
    "name: DefaultMaterial, baseColor: #7F7F7F, metallic: 0.0, roughness: 0.7"
  ],
  "namedTriangleGroups": {
    "cylinder": "materialName: DefaultMaterial, triangleIds: [0,1,2,3,4,5,6,7,8,9,10,11,12,13,14,15]",
    "p1endcap": "materialName: DefaultMaterial, triangleIds: [16,17,18,19,20,21,22,23]",
    "p2endcap": "materialName: DefaultMaterial, triangleIds: [24,25,26,27,28,29,30,31]"
  }
}
COMMENT: === Testing KoreMeshDataUvOps ===
TEST: PASS // Dice cube UV layout // Created dice cube with 24 vertices, 12 triangles
COMMENT: Debug image: C:/Util/Data/GitRepos/KoreCommon/UnitTestArtefacts/dice_cube_uv_debug.png
COMMENT: Clean image: C:/Util/Data/GitRepos/KoreCommon/UnitTestArtefacts/dice_cube_uv_clean.png
COMMENT: OBJ/MTL files created for dice cube UV layout with UV texture assignment
TEST: PASS // Simple quad UV layout // Created simple quad with full UV coverage
TEST: PASS // Oil barrel UV layout // Created oil barrel with 66 vertices, 64 triangles
COMMENT: Debug image: C:/Util/Data/GitRepos/KoreCommon/UnitTestArtefacts/oil_barrel_uv_debug.png
COMMENT: Clean image: C:/Util/Data/GitRepos/KoreCommon/UnitTestArtefacts/oil_barrel_uv_clean.png
COMMENT: OBJ/MTL files created for oil barrel UV layout with UV texture assignment
COMMENT: JSON file created: C:/Util/Data/GitRepos/KoreCommon/UnitTestArtefacts/TestOilBarrel.json
COMMENT: === Testing KoreTestMiniMesh ===
COMMENT: Cube JSON: {
  "vertices": {
    "0": "X:-1.0, Y:1.0, Z:1.0",
    "1": "X:1.0, Y:1.0, Z:1.0",
    "2": "X:1.0, Y:-1.0, Z:1.0",
    "3": "X:-1.0, Y:-1.0, Z:1.0",
    "4": "X:-1.0, Y:1.0, Z:-1.0",
    "5": "X:1.0, Y:1.0, Z:-1.0",
    "6": "X:1.0, Y:-1.0, Z:-1.0",
    "7": "X:-1.0, Y:-1.0, Z:-1.0"
  },
  "colors": {
    "0": "#FFF"
  },
  "materials": [
    "name: MattOrange, baseColor: #FF6400, metallic: 0.000, roughness: 1.000"
  ],
  "lines": {
    "0": "0, 1, 0",
    "1": "1, 2, 0",
    "2": "2, 3, 0",
    "3": "3, 0, 0",
    "4": "4, 5, 0",
    "5": "5, 6, 0",
    "6": "6, 7, 0",
    "7": "7, 4, 0",
    "8": "0, 4, 0",
    "9": "1, 5, 0",
    "10": "2, 6, 0",
    "11": "3, 7, 0"
  },
  "triangles": {
    "0": "0, 1, 2",
    "1": "0, 2, 3",
    "2": "5, 4, 7",
    "3": "5, 7, 6",
    "4": "4, 5, 1",
    "5": "4, 1, 0",
    "6": "3, 2, 6",
    "7": "3, 6, 7",
    "8": "1, 5, 6",
    "9": "1, 6, 2",
    "10": "4, 0, 3",
    "11": "4, 3, 7"
  },
  "groups": {
    "All": "MaterialName: MattOrange, TriIds: [0,1,2,3,4,5,6,7,8,9,10,11]"
  }
}
COMMENT: Loaded Cube: KoreCommon.KoreMiniMesh
COMMENT: OBJ Content: # OBJ file exported from KoreMiniMesh
# Object: MyMesh

mtllib MyMaterials.mtl

o MyMesh

v -1.000000 1.000000 1.000000
v 1.000000 1.000000 1.000000
v 1.000000 -1.000000 1.000000
v -1.000000 -1.000000 1.000000
v -1.000000 1.000000 -1.000000
v 1.000000 1.000000 -1.000000
v 1.000000 -1.000000 -1.000000
v -1.000000 -1.000000 -1.000000

# Group: All
usemtl MattOrange
f 1 2 3
f 1 3 4
f 6 5 8
f 6 8 7
f 5 6 2
f 5 2 1
f 4 3 7
f 4 7 8
f 2 6 7
f 2 7 3
f 5 1 4
f 5 4 8

# Lines
l 1 2
l 2 3
l 3 4
l 4 1
l 5 6
l 6 7
l 7 8
l 8 5
l 1 5
l 2 6
l 3 7
l 4 8


COMMENT: MTL Content: # MTL file exported from KoreMiniMesh

newmtl MattOrange
Ka 1.000000 1.000000 1.000000
Kd 1.000000 0.392157 0.000000
Ks 0.500000 0.500000 0.500000
Ns 96.0
Pr 1.000000
Pm 0.000000
Pc 1.000000 0.392157 0.000000
illum 2


COMMENT: === Testing Sphere Primitives ===
COMMENT: --- Basic Sphere ---
COMMENT: Basic Sphere Vertices: 121
COMMENT: Basic Sphere Groups: 1
COMMENT: Basic Sphere Materials: 1
COMMENT: Basic Sphere Lines: 248
TEST: PASS // Basic Sphere JSON roundtrip vertices
COMMENT: Sphere comparison completed - check C:/Util/Data/GitRepos/KoreCommon/UnitTestArtefacts/BasicSphere.obj vs OptimizedSphere.obj
COMMENT: === Testing Cylinder Primitive ===
COMMENT: Cylinder Vertices: 18
COMMENT: Cylinder Groups: 1
COMMENT: Cylinder Materials: 1
COMMENT: Cylinder Lines: 32
COMMENT: Cylinder Triangles: 32
COMMENT: Cylinder JSON length: 2544
TEST: PASS // Cylinder JSON roundtrip vertices
TEST: PASS // Cylinder JSON roundtrip groups
COMMENT: Cylinder test completed - check C:/Util/Data/GitRepos/KoreCommon/UnitTestArtefacts/TestCylinder.obj
COMMENT: Testing KoreMiniMeshPrimitives.CreatePyramid
COMMENT: Pyramid created with 5 vertices and 6 triangles
TEST: PASS // JSON serialization
COMMENT: Pyramid test completed - check C:/Util/Data/GitRepos/KoreCommon/UnitTestArtefacts/TestPyramid.obj
TEST: PASS // Database Created
TEST: PASS // KoreBinaryDataManager Add()
TEST: PASS // KoreBinaryDataManager Int Read/Write
TEST: PASS // KoreBinaryDataManager Float Read/Write
TEST: PASS // KoreBinaryDataManager Double Read/Write
TEST: PASS // KoreBinaryDataManager Bool Read/Write
TEST: PASS // KoreBinaryDataManager String Read/Write
TEST: PASS // KoreBinaryDataManager Bytes Read/Write
COMMENT: Mesh Buffer Size: 904 bytes
TEST: PASS // KoreBinaryDataManager Mesh Vertices Count (8 -> 8)
TEST: PASS // KoreBinaryDataManager Mesh Triangles Count (12 -> 12)
COMMENT: Test card image saved to C:/Util/Data/GitRepos/KoreCommon/UnitTestArtefacts/testcard.png
TEST: PASS // Circumcircle test // Test completed - check C:/Util/Data/GitRepos/KoreCommon/UnitTestArtefacts/circumcircle_test.png
TEST: PASS // Plane test // Test completed - check C:/Util/Data/GitRepos/KoreCommon/UnitTestArtefacts/plane_test.png
COMMENT: Test image saved to C:/Util/Data/GitRepos/KoreCommon/UnitTestArtefacts/TestImage_Output.png
COMMENT: GeoJSON single point saved to C:/Util/Data/GitRepos/KoreCommon/UnitTestArtefacts/geo_feature_point.json
TEST: PASS // GeoFeatureLibrary SaveToGeoJSON
COMMENT: GeoJSON LineString saved to C:/Util/Data/GitRepos/KoreCommon/UnitTestArtefacts/geo_feature_line.json and loaded successfully
TEST: PASS // GeoFeatureLibrary LineString Save/Load
COMMENT: GeoJSON Polygon with 14 outer points and 2 holes saved to C:/Util/Data/GitRepos/KoreCommon/UnitTestArtefacts/geo_feature_polygon.json and loaded successfully
TEST: PASS // GeoFeatureLibrary SavePolygonToGeoJSON
COMMENT: Route has 4 legs and 5 waypoints
COMMENT: Leg 1 (London->Birmingham): Straight - RED
COMMENT: Leg 2 (Birmingham->Manchester): Great Circle - GREEN
COMMENT: Leg 3 (Manchester->Glasgow): Bezier (3 points) - BLUE
COMMENT: Leg 4 (Glasgow->Edinburgh): Bezier (4 points) - MAGENTA
COMMENT: Route bbox: [51.51, -4.25] to [55.95, -0.13]
TEST: PASS // Multi-Segment Route Across UK // Map saved to C:/Util/Data/GitRepos/KoreCommon/UnitTestArtefacts/uk_multi_segment_route.png
COMMENT: Route has 5 legs (6 waypoints)
COMMENT: Leg 1 (London->Birmingham): Straight - RED
COMMENT: Join 1 (Birmingham->Liverpool): Flexible Join - ORANGE
COMMENT: Leg 2 (Liverpool->Leeds): Straight - GREEN
COMMENT: Join 2 (Leeds->Newcastle): Flexible Join - MAGENTA
COMMENT: Leg 3 (Newcastle->Edinburgh): Straight - BLUE
COMMENT: Flexible joins automatically match entry/exit directions for smooth transitions
COMMENT: Route bbox: [51.51, -3.37] to [55.95, -0.13]
TEST: PASS // Flexible Join Route Across UK // Map saved to C:/Util/Data/GitRepos/KoreCommon/UnitTestArtefacts/uk_flexible_join_route.png
COMMENT: Exported route with 3 legs to GeoJSONKore
COMMENT: JSON length: 10329 characters
COMMENT: Imported route with 3 legs
COMMENT: Route name: Test Route for JSON IO
COMMENT: Route ID: test-route-001
COMMENT: Name match: True
COMMENT: ID match: True
COMMENT: Leg count match: True (3 vs 3)
COMMENT: Color match: True
COMMENT: Leg 1 type (Straight): True
COMMENT: Leg 2 type (GreatCircle): True
COMMENT: Leg 3 type (Bezier): True
COMMENT: Bezier control points: 3
COMMENT: Control point count match: True
COMMENT: Loaded route from file: Test Route for JSON IO with 3 legs
TEST: PASS // Route GeoJSONKore Import/Export // Successfully exported and imported route. File saved to C:/Util/Data/GitRepos/KoreCommon/UnitTestArtefacts/test_route.geojsonkore
COMMENT: Loaded and drew 4274 country polygons
COMMENT: Drew great circle route from London to Sydney with 100 points
COMMENT: World map with all 301 positions saved to C:/Util/Data/GitRepos/KoreCommon/UnitTestArtefacts/world_map_world.png
TEST: PASS // World Map (All Positions)
TEST: PASS // Coordinate Mapping Round-Trip // Original: 45.0000, -120.0000 | Pixel: 600.0, 450.0 | RoundTrip: 45.0000, -120.0000 | Error: 0.000000, 0.000000
COMMENT: North Pole -> Pixel: (1800, 0)
COMMENT: South Pole -> Pixel: (1800, 1800)
COMMENT: Date Line -> Pixel: (3600, 900)
COMMENT: Prime Meridian -> Pixel: (1800, 900)
COMMENT: Regional Europe map with 142 positions saved to C:/Util/Data/GitRepos/KoreCommon/UnitTestArtefacts/world_map_europe.png
TEST: PASS // Regional Map (Europe)
COMMENT: Loaded and drew point feature: FarnboroughAirport from GeoJSON
COMMENT: Loaded and drew line feature: TestRoute from GeoJSON
COMMENT: Loaded and drew 57 UK country outline polygons from GeoJSON
COMMENT: Loaded and drew polygon feature: GreaterLondon from GeoJSON
COMMENT: Loaded and drew 1499 airports with ICAO codes in UK region
COMMENT: UK and Ireland map with 21 positions saved to C:/Util/Data/GitRepos/KoreCommon/UnitTestArtefacts/world_map_uk.png
TEST: PASS // Regional Map (UK & Ireland)
COMMENT: Loaded and drew 57 polygons from UK GeoJSON
COMMENT: UK country outline map saved to C:/Util/Data/GitRepos/KoreCommon/UnitTestArtefacts/uk_country_outline.png
TEST: PASS // UK Country Outline
COMMENT: Loaded and drew 4274 country polygons from CountryOutline_All.geojson
COMMENT: World map with all countries saved to C:/Util/Data/GitRepos/KoreCommon/UnitTestArtefacts/world_map_all_countries.png
TEST: PASS // All Countries World Map

------------------------------------------------------------------------
Overall:PASS // Time:2025-11-27 21:51:22 // NumTests:162 Passes:162 Fails:0 Untested:0
------------------------------------------------------------------------
